[   14867ms] [INFO] %cDownload the React DevTools for a better development experience: https://react.dev/link/react-devtools font-weight:bold @ http://localhost:3000/_next/static/chunks/node_modules_next_dist_1e8vcs8._.js:776
[   14954ms] [LOG] [HMR] connected @ http://localhost:3000/_next/static/chunks/node_modules_next_dist_1e8vcs8._.js:776
[   29689ms] [ERROR] WebSocket connection to 'ws://localhost:3000/_next/hmr?id=lah0SDJvBp0eC2TC3Bjgb' failed: Error in connection establishment: net::ERR_CONNECTION_REFUSED @ http://localhost:3000/_next/static/chunks/node_modules_next_dist_client_0_90u2t._.js:16256
[   33063ms] [ERROR] WebSocket connection to 'ws://localhost:3000/_next/hmr?id=lah0SDJvBp0eC2TC3Bjgb' failed: Error in connection establishment: net::ERR_CONNECTION_REFUSED @ http://localhost:3000/_next/static/chunks/node_modules_next_dist_client_0_90u2t._.js:16256
[   36427ms] [ERROR] WebSocket connection to 'ws://localhost:3000/_next/hmr?id=lah0SDJvBp0eC2TC3Bjgb' failed: Error in connection establishment: net::ERR_CONNECTION_REFUSED @ http://localhost:3000/_next/static/chunks/node_modules_next_dist_client_0_90u2t._.js:16256
[   39788ms] [ERROR] WebSocket connection to 'ws://localhost:3000/_next/hmr?id=lah0SDJvBp0eC2TC3Bjgb' failed: Error in connection establishment: net::ERR_CONNECTION_REFUSED @ http://localhost:3000/_next/static/chunks/node_modules_next_dist_client_0_90u2t._.js:16256
[   43153ms] [ERROR] WebSocket connection to 'ws://localhost:3000/_next/hmr?id=lah0SDJvBp0eC2TC3Bjgb' failed: Error in connection establishment: net::ERR_CONNECTION_REFUSED @ http://localhost:3000/_next/static/chunks/node_modules_next_dist_client_0_90u2t._.js:16256
[   50507ms] [ERROR] WebSocket connection to 'ws://localhost:3000/_next/hmr?id=lah0SDJvBp0eC2TC3Bjgb' failed: Error in connection establishment: net::ERR_CONNECTION_REFUSED @ http://localhost:3000/_next/static/chunks/node_modules_next_dist_client_0_90u2t._.js:16256
[   57854ms] [ERROR] WebSocket connection to 'ws://localhost:3000/_next/hmr?id=lah0SDJvBp0eC2TC3Bjgb' failed: Error in connection establishment: net::ERR_CONNECTION_REFUSED @ http://localhost:3000/_next/static/chunks/node_modules_next_dist_client_0_90u2t._.js:16256
[   62874ms] [LOG] [HMR] connected @ http://localhost:3000/_next/static/chunks/node_modules_next_dist_1e8vcs8._.js:776
[   63313ms] [INFO] %cDownload the React DevTools for a better development experience: https://react.dev/link/react-devtools font-weight:bold @ http://localhost:3000/_next/static/chunks/node_modules_next_dist_1e8vcs8._.js:776
[   63340ms] [LOG] [HMR] connected @ http://localhost:3000/_next/static/chunks/node_modules_next_dist_1e8vcs8._.js:776
[  158452ms] [LOG] [Fast Refresh] rebuilding @ http://localhost:3000/_next/static/chunks/node_modules_next_dist_1e8vcs8._.js:776
[  158721ms] [LOG] [Fast Refresh] done in 378ms @ http://localhost:3000/_next/static/chunks/node_modules_next_dist_1e8vcs8._.js:776
[  165940ms] [ERROR] WebSocket connection to 'ws://localhost:3000/_next/hmr?id=ZutBoX3gIYMF85tiNcAjd' failed: Error in connection establishment: net::ERR_CONNECTION_REFUSED @ http://localhost:3000/_next/static/chunks/node_modules_next_dist_client_0_90u2t._.js:16256
[  169314ms] [ERROR] WebSocket connection to 'ws://localhost:3000/_next/hmr?id=ZutBoX3gIYMF85tiNcAjd' failed: Error in connection establishment: net::ERR_CONNECTION_REFUSED @ http://localhost:3000/_next/static/chunks/node_modules_next_dist_client_0_90u2t._.js:16256
[  172655ms] [ERROR] WebSocket connection to 'ws://localhost:3000/_next/hmr?id=ZutBoX3gIYMF85tiNcAjd' failed: Error in connection establishment: net::ERR_CONNECTION_REFUSED @ http://localhost:3000/_next/static/chunks/node_modules_next_dist_client_0_90u2t._.js:16256
[  176020ms] [ERROR] WebSocket connection to 'ws://localhost:3000/_next/hmr?id=ZutBoX3gIYMF85tiNcAjd' failed: Error in connection establishment: net::ERR_CONNECTION_REFUSED @ http://localhost:3000/_next/static/chunks/node_modules_next_dist_client_0_90u2t._.js:16256
[  179387ms] [ERROR] WebSocket connection to 'ws://localhost:3000/_next/hmr?id=ZutBoX3gIYMF85tiNcAjd' failed: Error in connection establishment: net::ERR_CONNECTION_REFUSED @ http://localhost:3000/_next/static/chunks/node_modules_next_dist_client_0_90u2t._.js:16256
[  186763ms] [ERROR] WebSocket connection to 'ws://localhost:3000/_next/hmr?id=ZutBoX3gIYMF85tiNcAjd' failed: Error in connection establishment: net::ERR_CONNECTION_REFUSED @ http://localhost:3000/_next/static/chunks/node_modules_next_dist_client_0_90u2t._.js:16256
[  194128ms] [ERROR] WebSocket connection to 'ws://localhost:3000/_next/hmr?id=ZutBoX3gIYMF85tiNcAjd' failed: Error in connection establishment: net::ERR_CONNECTION_REFUSED @ http://localhost:3000/_next/static/chunks/node_modules_next_dist_client_0_90u2t._.js:16256
[  201502ms] [ERROR] WebSocket connection to 'ws://localhost:3000/_next/hmr?id=ZutBoX3gIYMF85tiNcAjd' failed: Error in connection establishment: net::ERR_CONNECTION_REFUSED @ http://localhost:3000/_next/static/chunks/node_modules_next_dist_client_0_90u2t._.js:16256
[  208847ms] [ERROR] WebSocket connection to 'ws://localhost:3000/_next/hmr?id=ZutBoX3gIYMF85tiNcAjd' failed: Error in connection establishment: net::ERR_CONNECTION_REFUSED @ http://localhost:3000/_next/static/chunks/node_modules_next_dist_client_0_90u2t._.js:16256
[  216227ms] [ERROR] WebSocket connection to 'ws://localhost:3000/_next/hmr?id=ZutBoX3gIYMF85tiNcAjd' failed: Error in connection establishment: net::ERR_CONNECTION_REFUSED @ http://localhost:3000/_next/static/chunks/node_modules_next_dist_client_0_90u2t._.js:16256
[  223593ms] [ERROR] WebSocket connection to 'ws://localhost:3000/_next/hmr?id=ZutBoX3gIYMF85tiNcAjd' failed: Error in connection establishment: net::ERR_CONNECTION_REFUSED @ http://localhost:3000/_next/static/chunks/node_modules_next_dist_client_0_90u2t._.js:16256
[  230955ms] [ERROR] WebSocket connection to 'ws://localhost:3000/_next/hmr?id=ZutBoX3gIYMF85tiNcAjd' failed: Error in connection establishment: net::ERR_CONNECTION_REFUSED @ http://localhost:3000/_next/static/chunks/node_modules_next_dist_client_0_90u2t._.js:16256
[  402324ms] [INFO] %cDownload the React DevTools for a better development experience: https://react.dev/link/react-devtools font-weight:bold @ http://localhost:3000/_next/static/chunks/node_modules_next_dist_1e8vcs8._.js:776
[  402416ms] [LOG] [HMR] connected @ http://localhost:3000/_next/static/chunks/node_modules_next_dist_1e8vcs8._.js:776
[  428496ms] [ERROR] Failed to load resource: the server responded with a status of 404 (Not Found) @ http://localhost:3000/dashboard:0
[  428576ms] [INFO] %cDownload the React DevTools for a better development experience: https://react.dev/link/react-devtools font-weight:bold @ http://localhost:3000/_next/static/chunks/node_modules_next_dist_1e8vcs8._.js:776
[  428593ms] [LOG] [HMR] connected @ http://localhost:3000/_next/static/chunks/node_modules_next_dist_1e8vcs8._.js:776
